AR clock_divider behavioral /home/aghosh01/git/FPGAPlayGround/SimplePWM/clock_divider.vhd sub00/vhpl03 1405492981
EN clock_divider NULL /home/aghosh01/git/FPGAPlayGround/SimplePWM/clock_divider.vhd sub00/vhpl02 1405492980
EN simplepwm NULL /home/aghosh01/git/FPGAPlayGround/SimplePWM/pwm_generator.vhd sub00/vhpl04 1405492982
AR simplepwm behavioral /home/aghosh01/git/FPGAPlayGround/SimplePWM/pwm_generator.vhd sub00/vhpl05 1405492983
EN toplevel NULL /home/aghosh01/git/FPGAPlayGround/SimplePWM/toplevel.vhd sub00/vhpl00 1405492984
AR toplevel behavioral /home/aghosh01/git/FPGAPlayGround/SimplePWM/toplevel.vhd sub00/vhpl01 1405492985
