V3 11
FL /home/aghosh01/git/FPGAPlayGround/SimplePWM/clock_divider.vhd 2014/07/16.02:07:38 P.28xd
EN work/clock_divider 1405492980 \
      FL /home/aghosh01/git/FPGAPlayGround/SimplePWM/clock_divider.vhd \
      PB ieee/std_logic_1164 1341906176 PB ieee/STD_LOGIC_UNSIGNED 1341906179
AR work/clock_divider/Behavioral 1405492981 \
      FL /home/aghosh01/git/FPGAPlayGround/SimplePWM/clock_divider.vhd \
      EN work/clock_divider 1405492980
FL /home/aghosh01/git/FPGAPlayGround/SimplePWM/pwm_generator.vhd 2014/07/16.02:42:55 P.28xd
EN work/simplePWM 1405492982 \
      FL /home/aghosh01/git/FPGAPlayGround/SimplePWM/pwm_generator.vhd \
      PB ieee/std_logic_1164 1341906176 PB ieee/STD_LOGIC_UNSIGNED 1341906179
AR work/simplePWM/Behavioral 1405492983 \
      FL /home/aghosh01/git/FPGAPlayGround/SimplePWM/pwm_generator.vhd \
      EN work/simplePWM 1405492982
FL /home/aghosh01/git/FPGAPlayGround/SimplePWM/toplevel.vhd 2014/07/16.02:41:53 P.28xd
EN work/toplevel 1405492984 \
      FL /home/aghosh01/git/FPGAPlayGround/SimplePWM/toplevel.vhd \
      PB ieee/std_logic_1164 1341906176 PB ieee/STD_LOGIC_UNSIGNED 1341906179
AR work/toplevel/Behavioral 1405492985 \
      FL /home/aghosh01/git/FPGAPlayGround/SimplePWM/toplevel.vhd \
      EN work/toplevel 1405492984 CP clock_divider CP simplePWM
